
> r6-cenografia@0.1.0 build
> next build

??? Next.js 16.3.5 (Turbopack)
node.exe : ??? Warning: Next.js ignored 
package-lock.json in C:\Users\higor because it 
is outside the current Git repository 
(C:\Users\higor\Documents\r6-cenografia).
No linha:1 caractere:1
+ & "C:\Program Files\nodejs/node.exe" 
"C:\Users\higor\AppData\Roaming\ ...
+ ~~~~~~~~~~~~~~~~~~~~~~~~~~~~~~~~~~~~~~~~~~~~~~
~~~~~~~~~~~~~~~~~~~~~~~
    + CategoryInfo          : NotSpecified: (?? 
   ? Warning: Ne...r6-cenografia).:String) [],  
   RemoteException
    + FullyQualifiedErrorId : NativeCommandErro 
   r
 
 To use this directory, set `turbopack.root` in 
your Next.js config.

??? Running next.config.ts took 207ms

  Creating an optimized production build ...

> Build error occurred
Error: Turbopack build failed with 1 error:
./src/content/projects.ts:1:30
Error: Unexpected token `&`. Expected a string 
literal
[31m[1m>[0m [90m1 |[0m ???[36mimport[0m 
[36mtype[0m { [33mProject[0m } 
[36mfrom[0m &quot;@/types&quot;;
  [90m  |[0m                           
[31m[1m^[0m
  [90m2 |[0m
  [90m3 |[0m /*
  [90m4 |[0m  * [33mVISUAL[0m 
[33mPORTFOLIO[0m ??? [33mR6[0m 
[33mCENOGRAFIA[0m.

Parsing ecmascript source code failed

Import traces:
  Server Component:
    ./src/content/projects.ts
    ./src/app/projetos/[slug]/page.tsx

  Client Component Browser:
    ./src/content/projects.ts [Client Component 
Browser]
    
./src/components/sections/FeaturedProjects.tsx 
[Client Component Browser]
    
./src/components/sections/FeaturedProjects.tsx 
[Server Component]
    ./src/app/page.tsx [Server Component]

  Client Component SSR:
    ./src/content/projects.ts [Client Component 
SSR]
    
./src/components/sections/FeaturedProjects.tsx 
[Client Component SSR]
    
./src/components/sections/FeaturedProjects.tsx 
[Server Component]
    ./src/app/page.tsx [Server Component]


    at <unknown> 
(./src/content/projects.ts:1:30)
